../Core/Src/main.c:82:5:main	40	static,ignoring_inline_asm
../Core/Src/main.c:152:6:SystemClock_Config	88	static
../Core/Src/main.c:199:13:MX_USART2_UART_Init	8	static
../Core/Src/main.c:232:13:MX_GPIO_Init	56	static
../Core/Src/main.c:375:6:button_interrupt_handler	8	static
../Core/Src/main.c:385:13:led_green_handler	16	static
../Core/Src/main.c:403:13:led_orange_handler	16	static
../Core/Src/main.c:422:6:switch_priority	32	static
../Core/Src/main.c:479:6:HAL_TIM_PeriodElapsedCallback	16	static
../Core/Src/main.c:496:6:Error_Handler	4	static,ignoring_inline_asm
