../Core/Src/main.c:75:5:main	48	static,ignoring_inline_asm
../Core/Src/main.c:147:6:SystemClock_Config	88	static
../Core/Src/main.c:194:13:MX_USART2_UART_Init	8	static
../Core/Src/main.c:227:13:MX_GPIO_Init	56	static
../Core/Src/main.c:365:13:task1_handler	16	static
../Core/Src/main.c:379:13:task2_handler	16	static
../Core/Src/main.c:395:13:task3_handler	16	static
../Core/Src/main.c:418:6:HAL_TIM_PeriodElapsedCallback	16	static
../Core/Src/main.c:431:6:vApplicationIdleHook	8	static
../Core/Src/main.c:449:6:Error_Handler	4	static,ignoring_inline_asm
