../Core/Src/main.c:83:5:main	40	static,ignoring_inline_asm
../Core/Src/main.c:156:6:SystemClock_Config	88	static
../Core/Src/main.c:203:13:MX_USART2_UART_Init	8	static
../Core/Src/main.c:236:13:MX_GPIO_Init	56	static
../Core/Src/main.c:374:13:led_green_handler	32	static
../Core/Src/main.c:403:13:led_orange_handler	32	static
../Core/Src/main.c:433:13:led_red_handler	32	static
../Core/Src/main.c:465:13:button_handler	32	static
../Core/Src/main.c:497:6:HAL_TIM_PeriodElapsedCallback	16	static
../Core/Src/main.c:514:6:Error_Handler	4	static,ignoring_inline_asm
