../Core/Src/led_effect.c:11:6:turn_off_all_leds	8	static
../Core/Src/led_effect.c:19:6:turn_on_all_leds	8	static
../Core/Src/led_effect.c:27:6:turn_on_odd_leds	8	static
../Core/Src/led_effect.c:35:6:turn_on_even_leds	8	static
../Core/Src/led_effect.c:44:6:LED_control	24	static
../Core/Src/led_effect.c:50:6:led_effect_stop	24	static
../Core/Src/led_effect.c:58:6:led_effect	32	static
../Core/Src/led_effect.c:64:6:LED_effect1	8	static
../Core/Src/led_effect.c:70:6:LED_effect2	8	static
../Core/Src/led_effect.c:76:6:LED_effect3	8	static
../Core/Src/led_effect.c:83:6:LED_effect4	8	static
