../Core/Src/main.c:92:5:main	16	static
../Core/Src/main.c:177:6:SystemClock_Config	88	static
../Core/Src/main.c:219:13:MX_USART2_UART_Init	8	static
../Core/Src/main.c:252:13:MX_GPIO_Init	56	static
../Core/Src/main.c:391:6:vManagerTask	24	static,ignoring_inline_asm
../Core/Src/main.c:429:6:EmployeeDoWork	16	static
../Core/Src/main.c:438:13:vEmployeeTask	24	static
../Core/Src/main.c:468:6:printmsg	16	static
../Core/Src/main.c:484:6:HAL_TIM_PeriodElapsedCallback	16	static
../Core/Src/main.c:501:6:Error_Handler	4	static,ignoring_inline_asm
