../Drivers/CMSIS/Include/core_cm4.h:1684:22:__NVIC_EnableIRQ	16	static,ignoring_inline_asm
../Drivers/CMSIS/Include/core_cm4.h:1760:22:__NVIC_SetPendingIRQ	16	static
../Drivers/CMSIS/Include/core_cm4.h:1814:22:__NVIC_SetPriority	16	static
../Core/Src/main.c:95:5:main	16	static
../Core/Src/main.c:177:6:SystemClock_Config	88	static
../Core/Src/main.c:224:13:MX_USART2_UART_Init	8	static
../Core/Src/main.c:257:13:MX_GPIO_Init	56	static
../Core/Src/main.c:395:13:vHandlerTask	16	static
../Core/Src/main.c:414:13:vPeriodicTask	16	static
../Core/Src/main.c:438:13:prvSetupSoftwareInterrupt	8	static
../Core/Src/main.c:452:6:EXTI15_10_IRQHandler	16	static,ignoring_inline_asm
../Core/Src/main.c:488:6:printmsg	16	static
../Core/Src/main.c:504:6:HAL_TIM_PeriodElapsedCallback	16	static
../Core/Src/main.c:521:6:Error_Handler	4	static,ignoring_inline_asm
