17:09:00 **** Incremental Build of configuration Debug for project 0010_counting_semaphore ****
make -j8 all 
arm-none-eabi-gcc "../Core/Src/main.c" -mcpu=cortex-m4 -std=gnu11 -g3 -DDEBUG -DUSE_HAL_DRIVER -DSTM32F407xx -c -I../Core/Inc -I../Drivers/STM32F4xx_HAL_Driver/Inc -I../Drivers/STM32F4xx_HAL_Driver/Inc/Legacy -I../Drivers/CMSIS/Device/ST/STM32F4xx/Include -I../Drivers/CMSIS/Include -I"C:/STM32F407G_Development/Development/RTOS/common/ThirdParty/FreeRTOS/include" -I"C:/STM32F407G_Development/Development/RTOS/common/ThirdParty/FreeRTOS/portable/GCC/ARM_CM4F" -I"C:/STM32F407G_Development/Development/RTOS/common/ThirdParty/SEGGER/Config" -I"C:/STM32F407G_Development/Development/RTOS/common/ThirdParty/SEGGER/OS" -I"C:/STM32F407G_Development/Development/RTOS/common/ThirdParty/SEGGER/SEGGER" -O0 -ffunction-sections -fdata-sections -Wall -fstack-usage -fcyclomatic-complexity -MMD -MP -MF"Core/Src/main.d" -MT"Core/Src/main.o" --specs=nano.specs -mfpu=fpv4-sp-d16 -mfloat-abi=hard -mthumb -o "Core/Src/main.o"
arm-none-eabi-gcc -o "0010_counting_semaphore.elf" @"objects.list"   -mcpu=cortex-m4 -T"C:\STM32F407G_Development\Development\RTOS\0010_counting_semaphore\STM32F407VGTX_FLASH.ld" --specs=nosys.specs -Wl,-Map="0010_counting_semaphore.map" -Wl,--gc-sections -static --specs=nano.specs -mfpu=fpv4-sp-d16 -mfloat-abi=hard -mthumb -Wl,--start-group -lc -lm -Wl,--end-group
Finished building target: 0010_counting_semaphore.elf
 
arm-none-eabi-size  0010_counting_semaphore.elf 
arm-none-eabi-objdump -h -S 0010_counting_semaphore.elf  > "0010_counting_semaphore.list"
   text	   data	    bss	    dec	    hex	filename
  33556	    100	  85084	 118740	  1cfd4	0010_counting_semaphore.elf
Finished building: default.size.stdout
 
Finished building: 0010_counting_semaphore.list
 

17:09:02 Build Finished. 0 errors, 0 warnings. (took 2s.500ms)

