18:01:06 **** Incremental Build of configuration Debug for project 0012_MutualExclusion_priority_inheritance ****
make -j8 all 
arm-none-eabi-gcc "../Core/Src/main.c" -mcpu=cortex-m4 -std=gnu11 -g3 -DDEBUG -DUSE_HAL_DRIVER -DSTM32F407xx -c -I../Core/Inc -I../Drivers/STM32F4xx_HAL_Driver/Inc -I../Drivers/STM32F4xx_HAL_Driver/Inc/Legacy -I../Drivers/CMSIS/Device/ST/STM32F4xx/Include -I../Drivers/CMSIS/Include -I"C:/STM32F407G_Development/Development/RTOS/common/ThirdParty/FreeRTOS/include" -I"C:/STM32F407G_Development/Development/RTOS/common/ThirdParty/FreeRTOS/portable/GCC/ARM_CM4F" -I"C:/STM32F407G_Development/Development/RTOS/common/ThirdParty/SEGGER/Config" -I"C:/STM32F407G_Development/Development/RTOS/common/ThirdParty/SEGGER/OS" -I"C:/STM32F407G_Development/Development/RTOS/common/ThirdParty/SEGGER/SEGGER" -O0 -ffunction-sections -fdata-sections -Wall -fstack-usage -fcyclomatic-complexity -MMD -MP -MF"Core/Src/main.d" -MT"Core/Src/main.o" --specs=nano.specs -mfpu=fpv4-sp-d16 -mfloat-abi=hard -mthumb -o "Core/Src/main.o"
arm-none-eabi-gcc -o "0012_MutualExclusion_priority_inheritance.elf" @"objects.list"   -mcpu=cortex-m4 -T"C:\STM32F407G_Development\Development\RTOS\0012_MutualExclusion_priority_inheritance\STM32F407VGTX_FLASH.ld" --specs=nosys.specs -Wl,-Map="0012_MutualExclusion_priority_inheritance.map" -Wl,--gc-sections -static --specs=nano.specs -mfpu=fpv4-sp-d16 -mfloat-abi=hard -mthumb -Wl,--start-group -lc -lm -Wl,--end-group
Finished building target: 0012_MutualExclusion_priority_inheritance.elf
 
arm-none-eabi-size  0012_MutualExclusion_priority_inheritance.elf 
arm-none-eabi-objdump -h -S 0012_MutualExclusion_priority_inheritance.elf  > "0012_MutualExclusion_priority_inheritance.list"
   text	   data	    bss	    dec	    hex	filename
  36520	    112	  85368	 122000	  1dc90	0012_MutualExclusion_priority_inheritance.elf
Finished building: default.size.stdout
 
Finished building: 0012_MutualExclusion_priority_inheritance.list
 

18:01:08 Build Finished. 0 errors, 0 warnings. (took 2s.544ms)

