17:57:02 **** Incremental Build of configuration Debug for project 0012_MutualExclusion_priority_inheritance ****
make -j8 all 
arm-none-eabi-gcc "C:/STM32F407G_Development/Development/RTOS/common/ThirdParty/SEGGER/Rec/segger_uart.c" -mcpu=cortex-m4 -std=gnu11 -g3 -DDEBUG -DUSE_HAL_DRIVER -DSTM32F407xx -c -I../Core/Inc -I../Drivers/STM32F4xx_HAL_Driver/Inc -I../Drivers/STM32F4xx_HAL_Driver/Inc/Legacy -I../Drivers/CMSIS/Device/ST/STM32F4xx/Include -I../Drivers/CMSIS/Include -I"C:/STM32F407G_Development/Development/RTOS/common/ThirdParty/FreeRTOS/include" -I"C:/STM32F407G_Development/Development/RTOS/common/ThirdParty/FreeRTOS/portable/GCC/ARM_CM4F" -I"C:/STM32F407G_Development/Development/RTOS/common/ThirdParty/SEGGER/Config" -I"C:/STM32F407G_Development/Development/RTOS/common/ThirdParty/SEGGER/OS" -I"C:/STM32F407G_Development/Development/RTOS/common/ThirdParty/SEGGER/SEGGER" -O0 -ffunction-sections -fdata-sections -Wall -fstack-usage -fcyclomatic-complexity -MMD -MP -MF"common/ThirdParty/SEGGER/Rec/segger_uart.d" -MT"common/ThirdParty/SEGGER/Rec/segger_uart.o" --specs=nano.specs -mfpu=fpv4-sp-d16 -mfloat-abi=hard -mthumb -o "common/ThirdParty/SEGGER/Rec/segger_uart.o"
arm-none-eabi-gcc "../Drivers/STM32F4xx_HAL_Driver/Src/stm32f4xx_hal.c" -mcpu=cortex-m4 -std=gnu11 -g3 -DDEBUG -DUSE_HAL_DRIVER -DSTM32F407xx -c -I../Core/Inc -I../Drivers/STM32F4xx_HAL_Driver/Inc -I../Drivers/STM32F4xx_HAL_Driver/Inc/Legacy -I../Drivers/CMSIS/Device/ST/STM32F4xx/Include -I../Drivers/CMSIS/Include -I"C:/STM32F407G_Development/Development/RTOS/common/ThirdParty/FreeRTOS/include" -I"C:/STM32F407G_Development/Development/RTOS/common/ThirdParty/FreeRTOS/portable/GCC/ARM_CM4F" -I"C:/STM32F407G_Development/Development/RTOS/common/ThirdParty/SEGGER/Config" -I"C:/STM32F407G_Development/Development/RTOS/common/ThirdParty/SEGGER/OS" -I"C:/STM32F407G_Development/Development/RTOS/common/ThirdParty/SEGGER/SEGGER" -O0 -ffunction-sections -fdata-sections -Wall -fstack-usage -fcyclomatic-complexity -MMD -MP -MF"Drivers/STM32F4xx_HAL_Driver/Src/stm32f4xx_hal.d" -MT"Drivers/STM32F4xx_HAL_Driver/Src/stm32f4xx_hal.o" --specs=nano.specs -mfpu=fpv4-sp-d16 -mfloat-abi=hard -mthumb -o "Drivers/STM32F4xx_HAL_Driver/Src/stm32f4xx_hal.o"
arm-none-eabi-gcc "../Drivers/STM32F4xx_HAL_Driver/Src/stm32f4xx_hal_cortex.c" -mcpu=cortex-m4 -std=gnu11 -g3 -DDEBUG -DUSE_HAL_DRIVER -DSTM32F407xx -c -I../Core/Inc -I../Drivers/STM32F4xx_HAL_Driver/Inc -I../Drivers/STM32F4xx_HAL_Driver/Inc/Legacy -I../Drivers/CMSIS/Device/ST/STM32F4xx/Include -I../Drivers/CMSIS/Include -I"C:/STM32F407G_Development/Development/RTOS/common/ThirdParty/FreeRTOS/include" -I"C:/STM32F407G_Development/Development/RTOS/common/ThirdParty/FreeRTOS/portable/GCC/ARM_CM4F" -I"C:/STM32F407G_Development/Development/RTOS/common/ThirdParty/SEGGER/Config" -I"C:/STM32F407G_Development/Development/RTOS/common/ThirdParty/SEGGER/OS" -I"C:/STM32F407G_Development/Development/RTOS/common/ThirdParty/SEGGER/SEGGER" -O0 -ffunction-sections -fdata-sections -Wall -fstack-usage -fcyclomatic-complexity -MMD -MP -MF"Drivers/STM32F4xx_HAL_Driver/Src/stm32f4xx_hal_cortex.d" -MT"Drivers/STM32F4xx_HAL_Driver/Src/stm32f4xx_hal_cortex.o" --specs=nano.specs -mfpu=fpv4-sp-d16 -mfloat-abi=hard -mthumb -o "Drivers/STM32F4xx_HAL_Driver/Src/stm32f4xx_hal_cortex.o"
arm-none-eabi-gcc "../Drivers/STM32F4xx_HAL_Driver/Src/stm32f4xx_hal_dma.c" -mcpu=cortex-m4 -std=gnu11 -g3 -DDEBUG -DUSE_HAL_DRIVER -DSTM32F407xx -c -I../Core/Inc -I../Drivers/STM32F4xx_HAL_Driver/Inc -I../Drivers/STM32F4xx_HAL_Driver/Inc/Legacy -I../Drivers/CMSIS/Device/ST/STM32F4xx/Include -I../Drivers/CMSIS/Include -I"C:/STM32F407G_Development/Development/RTOS/common/ThirdParty/FreeRTOS/include" -I"C:/STM32F407G_Development/Development/RTOS/common/ThirdParty/FreeRTOS/portable/GCC/ARM_CM4F" -I"C:/STM32F407G_Development/Development/RTOS/common/ThirdParty/SEGGER/Config" -I"C:/STM32F407G_Development/Development/RTOS/common/ThirdParty/SEGGER/OS" -I"C:/STM32F407G_Development/Development/RTOS/common/ThirdParty/SEGGER/SEGGER" -O0 -ffunction-sections -fdata-sections -Wall -fstack-usage -fcyclomatic-complexity -MMD -MP -MF"Drivers/STM32F4xx_HAL_Driver/Src/stm32f4xx_hal_dma.d" -MT"Drivers/STM32F4xx_HAL_Driver/Src/stm32f4xx_hal_dma.o" --specs=nano.specs -mfpu=fpv4-sp-d16 -mfloat-abi=hard -mthumb -o "Drivers/STM32F4xx_HAL_Driver/Src/stm32f4xx_hal_dma.o"
arm-none-eabi-gcc "../Drivers/STM32F4xx_HAL_Driver/Src/stm32f4xx_hal_dma_ex.c" -mcpu=cortex-m4 -std=gnu11 -g3 -DDEBUG -DUSE_HAL_DRIVER -DSTM32F407xx -c -I../Core/Inc -I../Drivers/STM32F4xx_HAL_Driver/Inc -I../Drivers/STM32F4xx_HAL_Driver/Inc/Legacy -I../Drivers/CMSIS/Device/ST/STM32F4xx/Include -I../Drivers/CMSIS/Include -I"C:/STM32F407G_Development/Development/RTOS/common/ThirdParty/FreeRTOS/include" -I"C:/STM32F407G_Development/Development/RTOS/common/ThirdParty/FreeRTOS/portable/GCC/ARM_CM4F" -I"C:/STM32F407G_Development/Development/RTOS/common/ThirdParty/SEGGER/Config" -I"C:/STM32F407G_Development/Development/RTOS/common/ThirdParty/SEGGER/OS" -I"C:/STM32F407G_Development/Development/RTOS/common/ThirdParty/SEGGER/SEGGER" -O0 -ffunction-sections -fdata-sections -Wall -fstack-usage -fcyclomatic-complexity -MMD -MP -MF"Drivers/STM32F4xx_HAL_Driver/Src/stm32f4xx_hal_dma_ex.d" -MT"Drivers/STM32F4xx_HAL_Driver/Src/stm32f4xx_hal_dma_ex.o" --specs=nano.specs -mfpu=fpv4-sp-d16 -mfloat-abi=hard -mthumb -o "Drivers/STM32F4xx_HAL_Driver/Src/stm32f4xx_hal_dma_ex.o"
arm-none-eabi-gcc "../Drivers/STM32F4xx_HAL_Driver/Src/stm32f4xx_hal_exti.c" -mcpu=cortex-m4 -std=gnu11 -g3 -DDEBUG -DUSE_HAL_DRIVER -DSTM32F407xx -c -I../Core/Inc -I../Drivers/STM32F4xx_HAL_Driver/Inc -I../Drivers/STM32F4xx_HAL_Driver/Inc/Legacy -I../Drivers/CMSIS/Device/ST/STM32F4xx/Include -I../Drivers/CMSIS/Include -I"C:/STM32F407G_Development/Development/RTOS/common/ThirdParty/FreeRTOS/include" -I"C:/STM32F407G_Development/Development/RTOS/common/ThirdParty/FreeRTOS/portable/GCC/ARM_CM4F" -I"C:/STM32F407G_Development/Development/RTOS/common/ThirdParty/SEGGER/Config" -I"C:/STM32F407G_Development/Development/RTOS/common/ThirdParty/SEGGER/OS" -I"C:/STM32F407G_Development/Development/RTOS/common/ThirdParty/SEGGER/SEGGER" -O0 -ffunction-sections -fdata-sections -Wall -fstack-usage -fcyclomatic-complexity -MMD -MP -MF"Drivers/STM32F4xx_HAL_Driver/Src/stm32f4xx_hal_exti.d" -MT"Drivers/STM32F4xx_HAL_Driver/Src/stm32f4xx_hal_exti.o" --specs=nano.specs -mfpu=fpv4-sp-d16 -mfloat-abi=hard -mthumb -o "Drivers/STM32F4xx_HAL_Driver/Src/stm32f4xx_hal_exti.o"
arm-none-eabi-gcc "../Drivers/STM32F4xx_HAL_Driver/Src/stm32f4xx_hal_flash.c" -mcpu=cortex-m4 -std=gnu11 -g3 -DDEBUG -DUSE_HAL_DRIVER -DSTM32F407xx -c -I../Core/Inc -I../Drivers/STM32F4xx_HAL_Driver/Inc -I../Drivers/STM32F4xx_HAL_Driver/Inc/Legacy -I../Drivers/CMSIS/Device/ST/STM32F4xx/Include -I../Drivers/CMSIS/Include -I"C:/STM32F407G_Development/Development/RTOS/common/ThirdParty/FreeRTOS/include" -I"C:/STM32F407G_Development/Development/RTOS/common/ThirdParty/FreeRTOS/portable/GCC/ARM_CM4F" -I"C:/STM32F407G_Development/Development/RTOS/common/ThirdParty/SEGGER/Config" -I"C:/STM32F407G_Development/Development/RTOS/common/ThirdParty/SEGGER/OS" -I"C:/STM32F407G_Development/Development/RTOS/common/ThirdParty/SEGGER/SEGGER" -O0 -ffunction-sections -fdata-sections -Wall -fstack-usage -fcyclomatic-complexity -MMD -MP -MF"Drivers/STM32F4xx_HAL_Driver/Src/stm32f4xx_hal_flash.d" -MT"Drivers/STM32F4xx_HAL_Driver/Src/stm32f4xx_hal_flash.o" --specs=nano.specs -mfpu=fpv4-sp-d16 -mfloat-abi=hard -mthumb -o "Drivers/STM32F4xx_HAL_Driver/Src/stm32f4xx_hal_flash.o"
arm-none-eabi-gcc "../Drivers/STM32F4xx_HAL_Driver/Src/stm32f4xx_hal_flash_ex.c" -mcpu=cortex-m4 -std=gnu11 -g3 -DDEBUG -DUSE_HAL_DRIVER -DSTM32F407xx -c -I../Core/Inc -I../Drivers/STM32F4xx_HAL_Driver/Inc -I../Drivers/STM32F4xx_HAL_Driver/Inc/Legacy -I../Drivers/CMSIS/Device/ST/STM32F4xx/Include -I../Drivers/CMSIS/Include -I"C:/STM32F407G_Development/Development/RTOS/common/ThirdParty/FreeRTOS/include" -I"C:/STM32F407G_Development/Development/RTOS/common/ThirdParty/FreeRTOS/portable/GCC/ARM_CM4F" -I"C:/STM32F407G_Development/Development/RTOS/common/ThirdParty/SEGGER/Config" -I"C:/STM32F407G_Development/Development/RTOS/common/ThirdParty/SEGGER/OS" -I"C:/STM32F407G_Development/Development/RTOS/common/ThirdParty/SEGGER/SEGGER" -O0 -ffunction-sections -fdata-sections -Wall -fstack-usage -fcyclomatic-complexity -MMD -MP -MF"Drivers/STM32F4xx_HAL_Driver/Src/stm32f4xx_hal_flash_ex.d" -MT"Drivers/STM32F4xx_HAL_Driver/Src/stm32f4xx_hal_flash_ex.o" --specs=nano.specs -mfpu=fpv4-sp-d16 -mfloat-abi=hard -mthumb -o "Drivers/STM32F4xx_HAL_Driver/Src/stm32f4xx_hal_flash_ex.o"
arm-none-eabi-gcc "../Drivers/STM32F4xx_HAL_Driver/Src/stm32f4xx_hal_flash_ramfunc.c" -mcpu=cortex-m4 -std=gnu11 -g3 -DDEBUG -DUSE_HAL_DRIVER -DSTM32F407xx -c -I../Core/Inc -I../Drivers/STM32F4xx_HAL_Driver/Inc -I../Drivers/STM32F4xx_HAL_Driver/Inc/Legacy -I../Drivers/CMSIS/Device/ST/STM32F4xx/Include -I../Drivers/CMSIS/Include -I"C:/STM32F407G_Development/Development/RTOS/common/ThirdParty/FreeRTOS/include" -I"C:/STM32F407G_Development/Development/RTOS/common/ThirdParty/FreeRTOS/portable/GCC/ARM_CM4F" -I"C:/STM32F407G_Development/Development/RTOS/common/ThirdParty/SEGGER/Config" -I"C:/STM32F407G_Development/Development/RTOS/common/ThirdParty/SEGGER/OS" -I"C:/STM32F407G_Development/Development/RTOS/common/ThirdParty/SEGGER/SEGGER" -O0 -ffunction-sections -fdata-sections -Wall -fstack-usage -fcyclomatic-complexity -MMD -MP -MF"Drivers/STM32F4xx_HAL_Driver/Src/stm32f4xx_hal_flash_ramfunc.d" -MT"Drivers/STM32F4xx_HAL_Driver/Src/stm32f4xx_hal_flash_ramfunc.o" --specs=nano.specs -mfpu=fpv4-sp-d16 -mfloat-abi=hard -mthumb -o "Drivers/STM32F4xx_HAL_Driver/Src/stm32f4xx_hal_flash_ramfunc.o"
arm-none-eabi-gcc "../Drivers/STM32F4xx_HAL_Driver/Src/stm32f4xx_hal_gpio.c" -mcpu=cortex-m4 -std=gnu11 -g3 -DDEBUG -DUSE_HAL_DRIVER -DSTM32F407xx -c -I../Core/Inc -I../Drivers/STM32F4xx_HAL_Driver/Inc -I../Drivers/STM32F4xx_HAL_Driver/Inc/Legacy -I../Drivers/CMSIS/Device/ST/STM32F4xx/Include -I../Drivers/CMSIS/Include -I"C:/STM32F407G_Development/Development/RTOS/common/ThirdParty/FreeRTOS/include" -I"C:/STM32F407G_Development/Development/RTOS/common/ThirdParty/FreeRTOS/portable/GCC/ARM_CM4F" -I"C:/STM32F407G_Development/Development/RTOS/common/ThirdParty/SEGGER/Config" -I"C:/STM32F407G_Development/Development/RTOS/common/ThirdParty/SEGGER/OS" -I"C:/STM32F407G_Development/Development/RTOS/common/ThirdParty/SEGGER/SEGGER" -O0 -ffunction-sections -fdata-sections -Wall -fstack-usage -fcyclomatic-complexity -MMD -MP -MF"Drivers/STM32F4xx_HAL_Driver/Src/stm32f4xx_hal_gpio.d" -MT"Drivers/STM32F4xx_HAL_Driver/Src/stm32f4xx_hal_gpio.o" --specs=nano.specs -mfpu=fpv4-sp-d16 -mfloat-abi=hard -mthumb -o "Drivers/STM32F4xx_HAL_Driver/Src/stm32f4xx_hal_gpio.o"
arm-none-eabi-gcc "../Drivers/STM32F4xx_HAL_Driver/Src/stm32f4xx_hal_pwr.c" -mcpu=cortex-m4 -std=gnu11 -g3 -DDEBUG -DUSE_HAL_DRIVER -DSTM32F407xx -c -I../Core/Inc -I../Drivers/STM32F4xx_HAL_Driver/Inc -I../Drivers/STM32F4xx_HAL_Driver/Inc/Legacy -I../Drivers/CMSIS/Device/ST/STM32F4xx/Include -I../Drivers/CMSIS/Include -I"C:/STM32F407G_Development/Development/RTOS/common/ThirdParty/FreeRTOS/include" -I"C:/STM32F407G_Development/Development/RTOS/common/ThirdParty/FreeRTOS/portable/GCC/ARM_CM4F" -I"C:/STM32F407G_Development/Development/RTOS/common/ThirdParty/SEGGER/Config" -I"C:/STM32F407G_Development/Development/RTOS/common/ThirdParty/SEGGER/OS" -I"C:/STM32F407G_Development/Development/RTOS/common/ThirdParty/SEGGER/SEGGER" -O0 -ffunction-sections -fdata-sections -Wall -fstack-usage -fcyclomatic-complexity -MMD -MP -MF"Drivers/STM32F4xx_HAL_Driver/Src/stm32f4xx_hal_pwr.d" -MT"Drivers/STM32F4xx_HAL_Driver/Src/stm32f4xx_hal_pwr.o" --specs=nano.specs -mfpu=fpv4-sp-d16 -mfloat-abi=hard -mthumb -o "Drivers/STM32F4xx_HAL_Driver/Src/stm32f4xx_hal_pwr.o"
arm-none-eabi-gcc "../Drivers/STM32F4xx_HAL_Driver/Src/stm32f4xx_hal_pwr_ex.c" -mcpu=cortex-m4 -std=gnu11 -g3 -DDEBUG -DUSE_HAL_DRIVER -DSTM32F407xx -c -I../Core/Inc -I../Drivers/STM32F4xx_HAL_Driver/Inc -I../Drivers/STM32F4xx_HAL_Driver/Inc/Legacy -I../Drivers/CMSIS/Device/ST/STM32F4xx/Include -I../Drivers/CMSIS/Include -I"C:/STM32F407G_Development/Development/RTOS/common/ThirdParty/FreeRTOS/include" -I"C:/STM32F407G_Development/Development/RTOS/common/ThirdParty/FreeRTOS/portable/GCC/ARM_CM4F" -I"C:/STM32F407G_Development/Development/RTOS/common/ThirdParty/SEGGER/Config" -I"C:/STM32F407G_Development/Development/RTOS/common/ThirdParty/SEGGER/OS" -I"C:/STM32F407G_Development/Development/RTOS/common/ThirdParty/SEGGER/SEGGER" -O0 -ffunction-sections -fdata-sections -Wall -fstack-usage -fcyclomatic-complexity -MMD -MP -MF"Drivers/STM32F4xx_HAL_Driver/Src/stm32f4xx_hal_pwr_ex.d" -MT"Drivers/STM32F4xx_HAL_Driver/Src/stm32f4xx_hal_pwr_ex.o" --specs=nano.specs -mfpu=fpv4-sp-d16 -mfloat-abi=hard -mthumb -o "Drivers/STM32F4xx_HAL_Driver/Src/stm32f4xx_hal_pwr_ex.o"
arm-none-eabi-gcc "../Drivers/STM32F4xx_HAL_Driver/Src/stm32f4xx_hal_rcc.c" -mcpu=cortex-m4 -std=gnu11 -g3 -DDEBUG -DUSE_HAL_DRIVER -DSTM32F407xx -c -I../Core/Inc -I../Drivers/STM32F4xx_HAL_Driver/Inc -I../Drivers/STM32F4xx_HAL_Driver/Inc/Legacy -I../Drivers/CMSIS/Device/ST/STM32F4xx/Include -I../Drivers/CMSIS/Include -I"C:/STM32F407G_Development/Development/RTOS/common/ThirdParty/FreeRTOS/include" -I"C:/STM32F407G_Development/Development/RTOS/common/ThirdParty/FreeRTOS/portable/GCC/ARM_CM4F" -I"C:/STM32F407G_Development/Development/RTOS/common/ThirdParty/SEGGER/Config" -I"C:/STM32F407G_Development/Development/RTOS/common/ThirdParty/SEGGER/OS" -I"C:/STM32F407G_Development/Development/RTOS/common/ThirdParty/SEGGER/SEGGER" -O0 -ffunction-sections -fdata-sections -Wall -fstack-usage -fcyclomatic-complexity -MMD -MP -MF"Drivers/STM32F4xx_HAL_Driver/Src/stm32f4xx_hal_rcc.d" -MT"Drivers/STM32F4xx_HAL_Driver/Src/stm32f4xx_hal_rcc.o" --specs=nano.specs -mfpu=fpv4-sp-d16 -mfloat-abi=hard -mthumb -o "Drivers/STM32F4xx_HAL_Driver/Src/stm32f4xx_hal_rcc.o"
arm-none-eabi-gcc "../Drivers/STM32F4xx_HAL_Driver/Src/stm32f4xx_hal_rcc_ex.c" -mcpu=cortex-m4 -std=gnu11 -g3 -DDEBUG -DUSE_HAL_DRIVER -DSTM32F407xx -c -I../Core/Inc -I../Drivers/STM32F4xx_HAL_Driver/Inc -I../Drivers/STM32F4xx_HAL_Driver/Inc/Legacy -I../Drivers/CMSIS/Device/ST/STM32F4xx/Include -I../Drivers/CMSIS/Include -I"C:/STM32F407G_Development/Development/RTOS/common/ThirdParty/FreeRTOS/include" -I"C:/STM32F407G_Development/Development/RTOS/common/ThirdParty/FreeRTOS/portable/GCC/ARM_CM4F" -I"C:/STM32F407G_Development/Development/RTOS/common/ThirdParty/SEGGER/Config" -I"C:/STM32F407G_Development/Development/RTOS/common/ThirdParty/SEGGER/OS" -I"C:/STM32F407G_Development/Development/RTOS/common/ThirdParty/SEGGER/SEGGER" -O0 -ffunction-sections -fdata-sections -Wall -fstack-usage -fcyclomatic-complexity -MMD -MP -MF"Drivers/STM32F4xx_HAL_Driver/Src/stm32f4xx_hal_rcc_ex.d" -MT"Drivers/STM32F4xx_HAL_Driver/Src/stm32f4xx_hal_rcc_ex.o" --specs=nano.specs -mfpu=fpv4-sp-d16 -mfloat-abi=hard -mthumb -o "Drivers/STM32F4xx_HAL_Driver/Src/stm32f4xx_hal_rcc_ex.o"
arm-none-eabi-gcc "../Drivers/STM32F4xx_HAL_Driver/Src/stm32f4xx_hal_tim.c" -mcpu=cortex-m4 -std=gnu11 -g3 -DDEBUG -DUSE_HAL_DRIVER -DSTM32F407xx -c -I../Core/Inc -I../Drivers/STM32F4xx_HAL_Driver/Inc -I../Drivers/STM32F4xx_HAL_Driver/Inc/Legacy -I../Drivers/CMSIS/Device/ST/STM32F4xx/Include -I../Drivers/CMSIS/Include -I"C:/STM32F407G_Development/Development/RTOS/common/ThirdParty/FreeRTOS/include" -I"C:/STM32F407G_Development/Development/RTOS/common/ThirdParty/FreeRTOS/portable/GCC/ARM_CM4F" -I"C:/STM32F407G_Development/Development/RTOS/common/ThirdParty/SEGGER/Config" -I"C:/STM32F407G_Development/Development/RTOS/common/ThirdParty/SEGGER/OS" -I"C:/STM32F407G_Development/Development/RTOS/common/ThirdParty/SEGGER/SEGGER" -O0 -ffunction-sections -fdata-sections -Wall -fstack-usage -fcyclomatic-complexity -MMD -MP -MF"Drivers/STM32F4xx_HAL_Driver/Src/stm32f4xx_hal_tim.d" -MT"Drivers/STM32F4xx_HAL_Driver/Src/stm32f4xx_hal_tim.o" --specs=nano.specs -mfpu=fpv4-sp-d16 -mfloat-abi=hard -mthumb -o "Drivers/STM32F4xx_HAL_Driver/Src/stm32f4xx_hal_tim.o"
arm-none-eabi-gcc "../Drivers/STM32F4xx_HAL_Driver/Src/stm32f4xx_hal_tim_ex.c" -mcpu=cortex-m4 -std=gnu11 -g3 -DDEBUG -DUSE_HAL_DRIVER -DSTM32F407xx -c -I../Core/Inc -I../Drivers/STM32F4xx_HAL_Driver/Inc -I../Drivers/STM32F4xx_HAL_Driver/Inc/Legacy -I../Drivers/CMSIS/Device/ST/STM32F4xx/Include -I../Drivers/CMSIS/Include -I"C:/STM32F407G_Development/Development/RTOS/common/ThirdParty/FreeRTOS/include" -I"C:/STM32F407G_Development/Development/RTOS/common/ThirdParty/FreeRTOS/portable/GCC/ARM_CM4F" -I"C:/STM32F407G_Development/Development/RTOS/common/ThirdParty/SEGGER/Config" -I"C:/STM32F407G_Development/Development/RTOS/common/ThirdParty/SEGGER/OS" -I"C:/STM32F407G_Development/Development/RTOS/common/ThirdParty/SEGGER/SEGGER" -O0 -ffunction-sections -fdata-sections -Wall -fstack-usage -fcyclomatic-complexity -MMD -MP -MF"Drivers/STM32F4xx_HAL_Driver/Src/stm32f4xx_hal_tim_ex.d" -MT"Drivers/STM32F4xx_HAL_Driver/Src/stm32f4xx_hal_tim_ex.o" --specs=nano.specs -mfpu=fpv4-sp-d16 -mfloat-abi=hard -mthumb -o "Drivers/STM32F4xx_HAL_Driver/Src/stm32f4xx_hal_tim_ex.o"
arm-none-eabi-gcc "../Drivers/STM32F4xx_HAL_Driver/Src/stm32f4xx_hal_uart.c" -mcpu=cortex-m4 -std=gnu11 -g3 -DDEBUG -DUSE_HAL_DRIVER -DSTM32F407xx -c -I../Core/Inc -I../Drivers/STM32F4xx_HAL_Driver/Inc -I../Drivers/STM32F4xx_HAL_Driver/Inc/Legacy -I../Drivers/CMSIS/Device/ST/STM32F4xx/Include -I../Drivers/CMSIS/Include -I"C:/STM32F407G_Development/Development/RTOS/common/ThirdParty/FreeRTOS/include" -I"C:/STM32F407G_Development/Development/RTOS/common/ThirdParty/FreeRTOS/portable/GCC/ARM_CM4F" -I"C:/STM32F407G_Development/Development/RTOS/common/ThirdParty/SEGGER/Config" -I"C:/STM32F407G_Development/Development/RTOS/common/ThirdParty/SEGGER/OS" -I"C:/STM32F407G_Development/Development/RTOS/common/ThirdParty/SEGGER/SEGGER" -O0 -ffunction-sections -fdata-sections -Wall -fstack-usage -fcyclomatic-complexity -MMD -MP -MF"Drivers/STM32F4xx_HAL_Driver/Src/stm32f4xx_hal_uart.d" -MT"Drivers/STM32F4xx_HAL_Driver/Src/stm32f4xx_hal_uart.o" --specs=nano.specs -mfpu=fpv4-sp-d16 -mfloat-abi=hard -mthumb -o "Drivers/STM32F4xx_HAL_Driver/Src/stm32f4xx_hal_uart.o"
arm-none-eabi-gcc "../Core/Src/main.c" -mcpu=cortex-m4 -std=gnu11 -g3 -DDEBUG -DUSE_HAL_DRIVER -DSTM32F407xx -c -I../Core/Inc -I../Drivers/STM32F4xx_HAL_Driver/Inc -I../Drivers/STM32F4xx_HAL_Driver/Inc/Legacy -I../Drivers/CMSIS/Device/ST/STM32F4xx/Include -I../Drivers/CMSIS/Include -I"C:/STM32F407G_Development/Development/RTOS/common/ThirdParty/FreeRTOS/include" -I"C:/STM32F407G_Development/Development/RTOS/common/ThirdParty/FreeRTOS/portable/GCC/ARM_CM4F" -I"C:/STM32F407G_Development/Development/RTOS/common/ThirdParty/SEGGER/Config" -I"C:/STM32F407G_Development/Development/RTOS/common/ThirdParty/SEGGER/OS" -I"C:/STM32F407G_Development/Development/RTOS/common/ThirdParty/SEGGER/SEGGER" -O0 -ffunction-sections -fdata-sections -Wall -fstack-usage -fcyclomatic-complexity -MMD -MP -MF"Core/Src/main.d" -MT"Core/Src/main.o" --specs=nano.specs -mfpu=fpv4-sp-d16 -mfloat-abi=hard -mthumb -o "Core/Src/main.o"
arm-none-eabi-gcc "../Core/Src/stm32f4xx_hal_msp.c" -mcpu=cortex-m4 -std=gnu11 -g3 -DDEBUG -DUSE_HAL_DRIVER -DSTM32F407xx -c -I../Core/Inc -I../Drivers/STM32F4xx_HAL_Driver/Inc -I../Drivers/STM32F4xx_HAL_Driver/Inc/Legacy -I../Drivers/CMSIS/Device/ST/STM32F4xx/Include -I../Drivers/CMSIS/Include -I"C:/STM32F407G_Development/Development/RTOS/common/ThirdParty/FreeRTOS/include" -I"C:/STM32F407G_Development/Development/RTOS/common/ThirdParty/FreeRTOS/portable/GCC/ARM_CM4F" -I"C:/STM32F407G_Development/Development/RTOS/common/ThirdParty/SEGGER/Config" -I"C:/STM32F407G_Development/Development/RTOS/common/ThirdParty/SEGGER/OS" -I"C:/STM32F407G_Development/Development/RTOS/common/ThirdParty/SEGGER/SEGGER" -O0 -ffunction-sections -fdata-sections -Wall -fstack-usage -fcyclomatic-complexity -MMD -MP -MF"Core/Src/stm32f4xx_hal_msp.d" -MT"Core/Src/stm32f4xx_hal_msp.o" --specs=nano.specs -mfpu=fpv4-sp-d16 -mfloat-abi=hard -mthumb -o "Core/Src/stm32f4xx_hal_msp.o"
arm-none-eabi-gcc "../Core/Src/stm32f4xx_hal_timebase_tim.c" -mcpu=cortex-m4 -std=gnu11 -g3 -DDEBUG -DUSE_HAL_DRIVER -DSTM32F407xx -c -I../Core/Inc -I../Drivers/STM32F4xx_HAL_Driver/Inc -I../Drivers/STM32F4xx_HAL_Driver/Inc/Legacy -I../Drivers/CMSIS/Device/ST/STM32F4xx/Include -I../Drivers/CMSIS/Include -I"C:/STM32F407G_Development/Development/RTOS/common/ThirdParty/FreeRTOS/include" -I"C:/STM32F407G_Development/Development/RTOS/common/ThirdParty/FreeRTOS/portable/GCC/ARM_CM4F" -I"C:/STM32F407G_Development/Development/RTOS/common/ThirdParty/SEGGER/Config" -I"C:/STM32F407G_Development/Development/RTOS/common/ThirdParty/SEGGER/OS" -I"C:/STM32F407G_Development/Development/RTOS/common/ThirdParty/SEGGER/SEGGER" -O0 -ffunction-sections -fdata-sections -Wall -fstack-usage -fcyclomatic-complexity -MMD -MP -MF"Core/Src/stm32f4xx_hal_timebase_tim.d" -MT"Core/Src/stm32f4xx_hal_timebase_tim.o" --specs=nano.specs -mfpu=fpv4-sp-d16 -mfloat-abi=hard -mthumb -o "Core/Src/stm32f4xx_hal_timebase_tim.o"
arm-none-eabi-gcc "../Core/Src/stm32f4xx_it.c" -mcpu=cortex-m4 -std=gnu11 -g3 -DDEBUG -DUSE_HAL_DRIVER -DSTM32F407xx -c -I../Core/Inc -I../Drivers/STM32F4xx_HAL_Driver/Inc -I../Drivers/STM32F4xx_HAL_Driver/Inc/Legacy -I../Drivers/CMSIS/Device/ST/STM32F4xx/Include -I../Drivers/CMSIS/Include -I"C:/STM32F407G_Development/Development/RTOS/common/ThirdParty/FreeRTOS/include" -I"C:/STM32F407G_Development/Development/RTOS/common/ThirdParty/FreeRTOS/portable/GCC/ARM_CM4F" -I"C:/STM32F407G_Development/Development/RTOS/common/ThirdParty/SEGGER/Config" -I"C:/STM32F407G_Development/Development/RTOS/common/ThirdParty/SEGGER/OS" -I"C:/STM32F407G_Development/Development/RTOS/common/ThirdParty/SEGGER/SEGGER" -O0 -ffunction-sections -fdata-sections -Wall -fstack-usage -fcyclomatic-complexity -MMD -MP -MF"Core/Src/stm32f4xx_it.d" -MT"Core/Src/stm32f4xx_it.o" --specs=nano.specs -mfpu=fpv4-sp-d16 -mfloat-abi=hard -mthumb -o "Core/Src/stm32f4xx_it.o"
arm-none-eabi-gcc "../Core/Src/system_stm32f4xx.c" -mcpu=cortex-m4 -std=gnu11 -g3 -DDEBUG -DUSE_HAL_DRIVER -DSTM32F407xx -c -I../Core/Inc -I../Drivers/STM32F4xx_HAL_Driver/Inc -I../Drivers/STM32F4xx_HAL_Driver/Inc/Legacy -I../Drivers/CMSIS/Device/ST/STM32F4xx/Include -I../Drivers/CMSIS/Include -I"C:/STM32F407G_Development/Development/RTOS/common/ThirdParty/FreeRTOS/include" -I"C:/STM32F407G_Development/Development/RTOS/common/ThirdParty/FreeRTOS/portable/GCC/ARM_CM4F" -I"C:/STM32F407G_Development/Development/RTOS/common/ThirdParty/SEGGER/Config" -I"C:/STM32F407G_Development/Development/RTOS/common/ThirdParty/SEGGER/OS" -I"C:/STM32F407G_Development/Development/RTOS/common/ThirdParty/SEGGER/SEGGER" -O0 -ffunction-sections -fdata-sections -Wall -fstack-usage -fcyclomatic-complexity -MMD -MP -MF"Core/Src/system_stm32f4xx.d" -MT"Core/Src/system_stm32f4xx.o" --specs=nano.specs -mfpu=fpv4-sp-d16 -mfloat-abi=hard -mthumb -o "Core/Src/system_stm32f4xx.o"
arm-none-eabi-gcc -o "0012_MutualExclusion_priority_inheritance.elf" @"objects.list"   -mcpu=cortex-m4 -T"C:\STM32F407G_Development\Development\RTOS\0012_MutualExclusion_priority_inheritance\STM32F407VGTX_FLASH.ld" --specs=nosys.specs -Wl,-Map="0012_MutualExclusion_priority_inheritance.map" -Wl,--gc-sections -static --specs=nano.specs -mfpu=fpv4-sp-d16 -mfloat-abi=hard -mthumb -Wl,--start-group -lc -lm -Wl,--end-group
Finished building target: 0012_MutualExclusion_priority_inheritance.elf
 
arm-none-eabi-size  0012_MutualExclusion_priority_inheritance.elf 
arm-none-eabi-objdump -h -S 0012_MutualExclusion_priority_inheritance.elf  > "0012_MutualExclusion_priority_inheritance.list"
   text	   data	    bss	    dec	    hex	filename
  35080	    112	  85368	 120560	  1d6f0	0012_MutualExclusion_priority_inheritance.elf
Finished building: default.size.stdout
 
Finished building: 0012_MutualExclusion_priority_inheritance.list
 
17:59:34 **** Incremental Build of configuration Debug for project 0012_MutualExclusion_priority_inheritance ****
make -j8 all 
arm-none-eabi-size  0012_MutualExclusion_priority_inheritance.elf 
   text	   data	    bss	    dec	    hex	filename
  35080	    112	  85368	 120560	  1d6f0	0012_MutualExclusion_priority_inheritance.elf
Finished building: default.size.stdout
 
18:01:06 **** Incremental Build of configuration Debug for project 0012_MutualExclusion_priority_inheritance ****
make -j8 all 
arm-none-eabi-gcc "../Core/Src/main.c" -mcpu=cortex-m4 -std=gnu11 -g3 -DDEBUG -DUSE_HAL_DRIVER -DSTM32F407xx -c -I../Core/Inc -I../Drivers/STM32F4xx_HAL_Driver/Inc -I../Drivers/STM32F4xx_HAL_Driver/Inc/Legacy -I../Drivers/CMSIS/Device/ST/STM32F4xx/Include -I../Drivers/CMSIS/Include -I"C:/STM32F407G_Development/Development/RTOS/common/ThirdParty/FreeRTOS/include" -I"C:/STM32F407G_Development/Development/RTOS/common/ThirdParty/FreeRTOS/portable/GCC/ARM_CM4F" -I"C:/STM32F407G_Development/Development/RTOS/common/ThirdParty/SEGGER/Config" -I"C:/STM32F407G_Development/Development/RTOS/common/ThirdParty/SEGGER/OS" -I"C:/STM32F407G_Development/Development/RTOS/common/ThirdParty/SEGGER/SEGGER" -O0 -ffunction-sections -fdata-sections -Wall -fstack-usage -fcyclomatic-complexity -MMD -MP -MF"Core/Src/main.d" -MT"Core/Src/main.o" --specs=nano.specs -mfpu=fpv4-sp-d16 -mfloat-abi=hard -mthumb -o "Core/Src/main.o"
arm-none-eabi-gcc -o "0012_MutualExclusion_priority_inheritance.elf" @"objects.list"   -mcpu=cortex-m4 -T"C:\STM32F407G_Development\Development\RTOS\0012_MutualExclusion_priority_inheritance\STM32F407VGTX_FLASH.ld" --specs=nosys.specs -Wl,-Map="0012_MutualExclusion_priority_inheritance.map" -Wl,--gc-sections -static --specs=nano.specs -mfpu=fpv4-sp-d16 -mfloat-abi=hard -mthumb -Wl,--start-group -lc -lm -Wl,--end-group
Finished building target: 0012_MutualExclusion_priority_inheritance.elf
 
arm-none-eabi-size  0012_MutualExclusion_priority_inheritance.elf 
arm-none-eabi-objdump -h -S 0012_MutualExclusion_priority_inheritance.elf  > "0012_MutualExclusion_priority_inheritance.list"
   text	   data	    bss	    dec	    hex	filename
  36520	    112	  85368	 122000	  1dc90	0012_MutualExclusion_priority_inheritance.elf
Finished building: default.size.stdout
 
Finished building: 0012_MutualExclusion_priority_inheritance.list
 
